Archive member included to satisfy reference by file (symbol)

c:/program files (x86)/atmel/studio/7.0/toolchain/arm/arm-gnu-toolchain/bin/../lib/gcc/arm-none-eabi/6.2.1/thumb/v6-m\libgcc.a(_divsi3.o)
                              usr_lib/samd21.o (__aeabi_idiv)
c:/program files (x86)/atmel/studio/7.0/toolchain/arm/arm-gnu-toolchain/bin/../lib/gcc/arm-none-eabi/6.2.1/thumb/v6-m\libgcc.a(_dvmd_tls.o)
                              c:/program files (x86)/atmel/studio/7.0/toolchain/arm/arm-gnu-toolchain/bin/../lib/gcc/arm-none-eabi/6.2.1/thumb/v6-m\libgcc.a(_divsi3.o) (__aeabi_idiv0)
c:/program files (x86)/atmel/studio/7.0/toolchain/arm/arm-gnu-toolchain/bin/../lib/gcc/arm-none-eabi/6.2.1/thumb/v6-m\libgcc.a(_fixunssfsi.o)
                              usr_lib/samd21.o (__aeabi_f2uiz)
c:/program files (x86)/atmel/studio/7.0/toolchain/arm/arm-gnu-toolchain/bin/../lib/gcc/arm-none-eabi/6.2.1/thumb/v6-m\libgcc.a(subsf3.o)
                              c:/program files (x86)/atmel/studio/7.0/toolchain/arm/arm-gnu-toolchain/bin/../lib/gcc/arm-none-eabi/6.2.1/thumb/v6-m\libgcc.a(_fixunssfsi.o) (__aeabi_fsub)
c:/program files (x86)/atmel/studio/7.0/toolchain/arm/arm-gnu-toolchain/bin/../lib/gcc/arm-none-eabi/6.2.1/thumb/v6-m\libgcc.a(fixsfsi.o)
                              c:/program files (x86)/atmel/studio/7.0/toolchain/arm/arm-gnu-toolchain/bin/../lib/gcc/arm-none-eabi/6.2.1/thumb/v6-m\libgcc.a(_fixunssfsi.o) (__aeabi_f2iz)
c:/program files (x86)/atmel/studio/7.0/toolchain/arm/arm-gnu-toolchain/bin/../lib/gcc/arm-none-eabi/6.2.1/thumb/v6-m\libgcc.a(floatsisf.o)
                              usr_lib/samd21.o (__aeabi_i2f)
c:/program files (x86)/atmel/studio/7.0/toolchain/arm/arm-gnu-toolchain/bin/../lib/gcc/arm-none-eabi/6.2.1/thumb/v6-m\libgcc.a(_arm_cmpsf2.o)
                              c:/program files (x86)/atmel/studio/7.0/toolchain/arm/arm-gnu-toolchain/bin/../lib/gcc/arm-none-eabi/6.2.1/thumb/v6-m\libgcc.a(_fixunssfsi.o) (__aeabi_fcmpge)
c:/program files (x86)/atmel/studio/7.0/toolchain/arm/arm-gnu-toolchain/bin/../lib/gcc/arm-none-eabi/6.2.1/thumb/v6-m\libgcc.a(_clzsi2.o)
                              c:/program files (x86)/atmel/studio/7.0/toolchain/arm/arm-gnu-toolchain/bin/../lib/gcc/arm-none-eabi/6.2.1/thumb/v6-m\libgcc.a(subsf3.o) (__clzsi2)
c:/program files (x86)/atmel/studio/7.0/toolchain/arm/arm-gnu-toolchain/bin/../lib/gcc/arm-none-eabi/6.2.1/thumb/v6-m\libgcc.a(eqsf2.o)
                              c:/program files (x86)/atmel/studio/7.0/toolchain/arm/arm-gnu-toolchain/bin/../lib/gcc/arm-none-eabi/6.2.1/thumb/v6-m\libgcc.a(_arm_cmpsf2.o) (__eqsf2)
c:/program files (x86)/atmel/studio/7.0/toolchain/arm/arm-gnu-toolchain/bin/../lib/gcc/arm-none-eabi/6.2.1/thumb/v6-m\libgcc.a(gesf2.o)
                              c:/program files (x86)/atmel/studio/7.0/toolchain/arm/arm-gnu-toolchain/bin/../lib/gcc/arm-none-eabi/6.2.1/thumb/v6-m\libgcc.a(_arm_cmpsf2.o) (__gesf2)
c:/program files (x86)/atmel/studio/7.0/toolchain/arm/arm-gnu-toolchain/bin/../lib/gcc/arm-none-eabi/6.2.1/thumb/v6-m\libgcc.a(lesf2.o)
                              c:/program files (x86)/atmel/studio/7.0/toolchain/arm/arm-gnu-toolchain/bin/../lib/gcc/arm-none-eabi/6.2.1/thumb/v6-m\libgcc.a(_arm_cmpsf2.o) (__lesf2)
c:/program files (x86)/atmel/studio/7.0/toolchain/arm/arm-gnu-toolchain/bin/../lib/gcc/arm-none-eabi/6.2.1/../../../../arm-none-eabi/lib/thumb/v6-m\libc.a(lib_a-exit.o)
                              c:/program files (x86)/atmel/studio/7.0/toolchain/arm/arm-gnu-toolchain/bin/../lib/gcc/arm-none-eabi/6.2.1/../../../../arm-none-eabi/lib/thumb/v6-m/crt0.o (exit)
c:/program files (x86)/atmel/studio/7.0/toolchain/arm/arm-gnu-toolchain/bin/../lib/gcc/arm-none-eabi/6.2.1/../../../../arm-none-eabi/lib/thumb/v6-m\libc.a(lib_a-impure.o)
                              c:/program files (x86)/atmel/studio/7.0/toolchain/arm/arm-gnu-toolchain/bin/../lib/gcc/arm-none-eabi/6.2.1/../../../../arm-none-eabi/lib/thumb/v6-m\libc.a(lib_a-exit.o) (_global_impure_ptr)
c:/program files (x86)/atmel/studio/7.0/toolchain/arm/arm-gnu-toolchain/bin/../lib/gcc/arm-none-eabi/6.2.1/../../../../arm-none-eabi/lib/thumb/v6-m\libc.a(lib_a-init.o)
                              c:/program files (x86)/atmel/studio/7.0/toolchain/arm/arm-gnu-toolchain/bin/../lib/gcc/arm-none-eabi/6.2.1/../../../../arm-none-eabi/lib/thumb/v6-m/crt0.o (__libc_init_array)
c:/program files (x86)/atmel/studio/7.0/toolchain/arm/arm-gnu-toolchain/bin/../lib/gcc/arm-none-eabi/6.2.1/../../../../arm-none-eabi/lib/thumb/v6-m\libc.a(lib_a-memcpy-stub.o)
                              usr_lib/uart.o (memcpy)
c:/program files (x86)/atmel/studio/7.0/toolchain/arm/arm-gnu-toolchain/bin/../lib/gcc/arm-none-eabi/6.2.1/../../../../arm-none-eabi/lib/thumb/v6-m\libc.a(lib_a-memset.o)
                              c:/program files (x86)/atmel/studio/7.0/toolchain/arm/arm-gnu-toolchain/bin/../lib/gcc/arm-none-eabi/6.2.1/../../../../arm-none-eabi/lib/thumb/v6-m/crt0.o (memset)
[...]
Memory Configuration

Name             Origin             Length             Attributes
rom              0x00000000         0x00008000         xr
ram              0x20000000         0x00001000         xrw
*default*        0x00000000         0xffffffff

Linker script and memory map

LOAD c:/program files (x86)/atmel/studio/7.0/toolchain/arm/arm-gnu-toolchain/bin/../lib/gcc/arm-none-eabi/6.2.1/thumb/v6-m/crti.o
LOAD c:/program files (x86)/atmel/studio/7.0/toolchain/arm/arm-gnu-toolchain/bin/../lib/gcc/arm-none-eabi/6.2.1/thumb/v6-m/crtbegin.o
LOAD c:/program files (x86)/atmel/studio/7.0/toolchain/arm/arm-gnu-toolchain/bin/../lib/gcc/arm-none-eabi/6.2.1/../../../../arm-none-eabi/lib/thumb/v6-m/crt0.o
LOAD Device_Startup/startup_samd21.o
LOAD Device_Startup/system_samd21.o
LOAD main.o
LOAD usr_lib/adc.o
LOAD usr_lib/clock.o
LOAD usr_lib/debug.o
LOAD usr_lib/drone_controller.o
LOAD usr_lib/gpio.o
LOAD usr_lib/i2c.o
LOAD usr_lib/pm.o
LOAD usr_lib/pwm.o
LOAD usr_lib/rc_controller.o
LOAD usr_lib/reflow_oven.o
LOAD usr_lib/samd21.o
LOAD usr_lib/spi.o
LOAD usr_lib/tc.o
LOAD usr_lib/uart.o
START GROUP
LOAD c:/program files (x86)/atmel/studio/7.0/toolchain/arm/arm-gnu-toolchain/bin/../lib/gcc/arm-none-eabi/6.2.1/../../../../arm-none-eabi/lib/thumb/v6-m\libm.a
END GROUP
START GROUP
LOAD c:/program files (x86)/atmel/studio/7.0/toolchain/arm/arm-gnu-toolchain/bin/../lib/gcc/arm-none-eabi/6.2.1/thumb/v6-m\libgcc.a
LOAD c:/program files (x86)/atmel/studio/7.0/toolchain/arm/arm-gnu-toolchain/bin/../lib/gcc/arm-none-eabi/6.2.1/../../../../arm-none-eabi/lib/thumb/v6-m\libc.a
END GROUP
LOAD c:/program files (x86)/atmel/studio/7.0/toolchain/arm/arm-gnu-toolchain/bin/../lib/gcc/arm-none-eabi/6.2.1/thumb/v6-m/crtend.o
LOAD c:/program files (x86)/atmel/studio/7.0/toolchain/arm/arm-gnu-toolchain/bin/../lib/gcc/arm-none-eabi/6.2.1/thumb/v6-m/crtn.o
                0x00000400                STACK_SIZE = DEFINED (STACK_SIZE)?STACK_SIZE:DEFINED (__stack_size__)?__stack_size__:0x400

.text           0x00000000      0xb38
                0x00000000                . = ALIGN (0x4)
                0x00000000                _sfixed = .
 *(.vectors .vectors.*)
 .vectors       0x00000000       0xb4 Device_Startup/startup_samd21.o
                0x00000000                exception_table
 *(.text .text.* .gnu.linkonce.t.*)
 .text          0x000000b4       0x60 c:/program files (x86)/atmel/studio/7.0/toolchain/arm/arm-gnu-toolchain/bin/../lib/gcc/arm-none-eabi/6.2.1/thumb/v6-m/crtbegin.o
 .text.Dummy_Handler
                0x00000114        0x2 Device_Startup/startup_samd21.o
                0x00000114                DMAC_Handler
                0x00000114                HardFault_Handler
                0x00000114                AC_Handler
                0x00000114                SysTick_Handler
                0x00000114                PendSV_Handler
                0x00000114                NMI_Handler
                0x00000114                TC7_Handler
                0x00000114                SERCOM1_Handler
                0x00000114                ADC_Handler
                0x00000114                TCC1_Handler
                0x00000114                SERCOM2_Handler
                0x00000114                TCC0_Handler
                0x00000114                RTC_Handler
                0x00000114                EIC_Handler
                0x00000114                TC6_Handler
                0x00000114                WDT_Handler
                0x00000114                TC4_Handler
                0x00000114                USB_Handler
                0x00000114                Dummy_Handler
                0x00000114                PM_Handler
                0x00000114                SERCOM5_Handler
                0x00000114                SVC_Handler
                0x00000114                TCC2_Handler
                0x00000114                EVSYS_Handler
                0x00000114                SERCOM3_Handler
                0x00000114                SERCOM4_Handler
                0x00000114                I2S_Handler
                0x00000114                NVMCTRL_Handler
                0x00000114                SERCOM0_Handler
                0x00000114                DAC_Handler
                0x00000114                PTC_Handler
                0x00000114                TC5_Handler
                0x00000114                SYSCTRL_Handler
 *fill*         0x00000116        0x2 
 .text.Reset_Handler
                0x00000118       0xe4 Device_Startup/startup_samd21.o
                0x00000118                Reset_Handler
 .text.TC3_Handler
                0x000001fc       0x40 main.o
                0x000001fc                TC3_Handler
 .text.main     0x0000023c        0xc main.o
                0x0000023c                main
 .text.adc_init
                0x00000248       0xac usr_lib/adc.o
                0x00000248                adc_init
 .text.adc_start
                0x000002f4       0x10 usr_lib/adc.o
                0x000002f4                adc_start
 .text.adc_ready
                0x00000304       0x10 usr_lib/adc.o
                0x00000304                adc_ready
 .text.adc_ready_clr
                0x00000314       0x10 usr_lib/adc.o
                0x00000314                adc_ready_clr
 .text.adc_read
                0x00000324        0xc usr_lib/adc.o
                0x00000324                adc_read
 .text.gpio_set_dir
                0x00000330       0x18 usr_lib/gpio.o
                0x00000330                gpio_set_dir
 .text.gpio_set_out
                0x00000348       0x18 usr_lib/gpio.o
                0x00000348                gpio_set_out
 .text.gpio_set_mux
                0x00000360       0x88 usr_lib/gpio.o
                0x00000360                gpio_set_mux
 .text.gpio_read
                0x000003e8        0xe usr_lib/gpio.o
                0x000003e8                gpio_read
 *fill*         0x000003f6        0x2 
 .text.reflow_oven_read_temp
                0x000003f8       0x28 usr_lib/reflow_oven.o
                0x000003f8                reflow_oven_read_temp
 .text.reflow_oven_set
                0x00000420       0x38 usr_lib/reflow_oven.o
                0x00000420                reflow_oven_set
 .text.reflow_oven_set_timer
                0x00000458       0x28 usr_lib/reflow_oven.o
                0x00000458                reflow_oven_set_timer
 .text.reflow_oven_reset_timer
                0x00000480       0x2c usr_lib/reflow_oven.o
                0x00000480                reflow_oven_reset_timer
 .text.reflow_oven_start_profile
                0x000004ac      0x148 usr_lib/reflow_oven.o
                0x000004ac                reflow_oven_start_profile
 .text.reflow_oven_init
                0x000005f4       0xc8 usr_lib/reflow_oven.o
                0x000005f4                reflow_oven_init
 .text.convert_pin_number
                0x000006bc       0x1a usr_lib/samd21.o
                0x000006bc                convert_pin_number
 *fill*         0x000006d6        0x2 
 .text.tc_init  0x000006d8      0x104 usr_lib/tc.o
                0x000006d8                tc_init
 .text.tc_en    0x000007dc       0x14 usr_lib/tc.o
                0x000007dc                tc_en
 .text.tc_reset_cnt16
                0x000007f0        0x6 usr_lib/tc.o
                0x000007f0                tc_reset_cnt16
 .text.uart_send_data
                0x000007f6       0x5c usr_lib/uart.o
                0x000007f6                uart_send_data
 *fill*         0x00000852        0x2 
 .text.uart_send_string
                0x00000854       0x1c usr_lib/uart.o
                0x00000854                uart_send_string
 .text.__libc_init_array
                0x00000870       0x48 c:/program files (x86)/atmel/studio/7.0/toolchain/arm/arm-gnu-toolchain/bin/../lib/gcc/arm-none-eabi/6.2.1/../../../../arm-none-eabi/lib/thumb/v6-m\libc.a(lib_a-init.o)
                0x00000870                __libc_init_array
 .text.startup.register_fini
                0x000008b8       0x18 c:/program files (x86)/atmel/studio/7.0/toolchain/arm/arm-gnu-toolchain/bin/../lib/gcc/arm-none-eabi/6.2.1/../../../../arm-none-eabi/lib/thumb/v6-m\libc.a(lib_a-__call_atexit.o)
 .text.atexit   0x000008d0       0x10 c:/program files (x86)/atmel/studio/7.0/toolchain/arm/arm-gnu-toolchain/bin/../lib/gcc/arm-none-eabi/6.2.1/../../../../arm-none-eabi/lib/thumb/v6-m\libc.a(lib_a-atexit.o)
                0x000008d0                atexit
 .text.__libc_fini_array
                0x000008e0       0x34 c:/program files (x86)/atmel/studio/7.0/toolchain/arm/arm-gnu-toolchain/bin/../lib/gcc/arm-none-eabi/6.2.1/../../../../arm-none-eabi/lib/thumb/v6-m\libc.a(lib_a-fini.o)
                0x000008e0                __libc_fini_array
 .text.__register_exitproc
                0x00000914       0xd4 c:/program files (x86)/atmel/studio/7.0/toolchain/arm/arm-gnu-toolchain/bin/../lib/gcc/arm-none-eabi/6.2.1/../../../../arm-none-eabi/lib/thumb/v6-m\libc.a(lib_a-__atexit.o)
                0x00000914                __register_exitproc
 *(.glue_7t)
 .glue_7t       0x000009e8        0x0 linker stubs
 *(.glue_7)
 .glue_7        0x000009e8        0x0 linker stubs
 *(.rodata .rodata* .gnu.linkonce.r.*)
 .rodata.str1.4
                0x000009e8      0x114 usr_lib/reflow_oven.o
                                0x111 (size before relaxing)
 .rodata        0x00000afc       0x14 usr_lib/tc.o
 .rodata._global_impure_ptr
                0x00000b10        0x4 c:/program files (x86)/atmel/studio/7.0/toolchain/arm/arm-gnu-toolchain/bin/../lib/gcc/arm-none-eabi/6.2.1/../../../../arm-none-eabi/lib/thumb/v6-m\libc.a(lib_a-impure.o)
                0x00000b10                _global_impure_ptr
 *(.ARM.extab* .gnu.linkonce.armextab.*)
                0x00000b14                . = ALIGN (0x4)
 *(.init)
 .init          0x00000b14        0x4 c:/program files (x86)/atmel/studio/7.0/toolchain/arm/arm-gnu-toolchain/bin/../lib/gcc/arm-none-eabi/6.2.1/thumb/v6-m/crti.o
                0x00000b14                _init
 .init          0x00000b18        0x8 c:/program files (x86)/atmel/studio/7.0/toolchain/arm/arm-gnu-toolchain/bin/../lib/gcc/arm-none-eabi/6.2.1/thumb/v6-m/crtn.o
                0x00000b20                . = ALIGN (0x4)
                0x00000b20                __preinit_array_start = .
 *(.preinit_array)
                0x00000b20                __preinit_array_end = .
                0x00000b20                . = ALIGN (0x4)
                0x00000b20                __init_array_start = .
 *(SORT(.init_array.*))
 .init_array.00000
                0x00000b20        0x4 c:/program files (x86)/atmel/studio/7.0/toolchain/arm/arm-gnu-toolchain/bin/../lib/gcc/arm-none-eabi/6.2.1/../../../../arm-none-eabi/lib/thumb/v6-m\libc.a(lib_a-__call_atexit.o)
 *(.init_array)
 .init_array    0x00000b24        0x4 c:/program files (x86)/atmel/studio/7.0/toolchain/arm/arm-gnu-toolchain/bin/../lib/gcc/arm-none-eabi/6.2.1/thumb/v6-m/crtbegin.o
                0x00000b28                __init_array_end = .
                0x00000b28                . = ALIGN (0x4)
 *crtbegin.o(.ctors)
 *(EXCLUDE_FILE(*crtend.o) .ctors)
 *(SORT(.ctors.*))
 *crtend.o(.ctors)
                0x00000b28                . = ALIGN (0x4)
 *(.fini)
 .fini          0x00000b28        0x4 c:/program files (x86)/atmel/studio/7.0/toolchain/arm/arm-gnu-toolchain/bin/../lib/gcc/arm-none-eabi/6.2.1/thumb/v6-m/crti.o
                0x00000b28                _fini
 .fini          0x00000b2c        0x8 c:/program files (x86)/atmel/studio/7.0/toolchain/arm/arm-gnu-toolchain/bin/../lib/gcc/arm-none-eabi/6.2.1/thumb/v6-m/crtn.o
                0x00000b34                . = ALIGN (0x4)
                0x00000b34                __fini_array_start = .
 *(.fini_array)
 .fini_array    0x00000b34        0x4 c:/program files (x86)/atmel/studio/7.0/toolchain/arm/arm-gnu-toolchain/bin/../lib/gcc/arm-none-eabi/6.2.1/thumb/v6-m/crtbegin.o
 *(SORT(.fini_array.*))
                0x00000b38                __fini_array_end = .
 *crtbegin.o(.dtors)
 *(EXCLUDE_FILE(*crtend.o) .dtors)
 *(SORT(.dtors.*))
 *crtend.o(.dtors)
                0x00000b38                . = ALIGN (0x4)
                0x00000b38                _efixed = .
                [!provide]                PROVIDE (__exidx_start, .)

.vfp11_veneer   0x00000b38        0x0
 .vfp11_veneer  0x00000b38        0x0 linker stubs

.v4_bx          0x00000b38        0x0
 .v4_bx         0x00000b38        0x0 linker stubs

.iplt           0x00000b38        0x0
 .iplt          0x00000b38        0x0 c:/program files (x86)/atmel/studio/7.0/toolchain/arm/arm-gnu-toolchain/bin/../lib/gcc/arm-none-eabi/6.2.1/thumb/v6-m/crtbegin.o

.eh_frame       0x00000b38        0x0
 .eh_frame      0x00000b38        0x0 c:/program files (x86)/atmel/studio/7.0/toolchain/arm/arm-gnu-toolchain/bin/../lib/gcc/arm-none-eabi/6.2.1/thumb/v6-m/crtbegin.o

.rel.dyn        0x00000b38        0x0
 .rel.iplt      0x00000b38        0x0 c:/program files (x86)/atmel/studio/7.0/toolchain/arm/arm-gnu-toolchain/bin/../lib/gcc/arm-none-eabi/6.2.1/thumb/v6-m/crtbegin.o

.jcr            0x00000b38        0x0
 .jcr           0x00000b38        0x0 c:/program files (x86)/atmel/studio/7.0/toolchain/arm/arm-gnu-toolchain/bin/../lib/gcc/arm-none-eabi/6.2.1/thumb/v6-m/crtbegin.o

.igot.plt       0x00000b38        0x0
 .igot.plt      0x00000b38        0x0 c:/program files (x86)/atmel/studio/7.0/toolchain/arm/arm-gnu-toolchain/bin/../lib/gcc/arm-none-eabi/6.2.1/thumb/v6-m/crtbegin.o

.ARM.exidx
 *(.ARM.exidx* .gnu.linkonce.armexidx.*)
                [!provide]                PROVIDE (__exidx_end, .)
                0x00000b38                . = ALIGN (0x4)
                0x00000b38                _etext = .

.relocate       0x20000000      0x428 load address 0x00000b38
                0x20000000                . = ALIGN (0x4)
                0x20000000                _srelocate = .
 *(.ramfunc .ramfunc.*)
 *(.data .data.*)
 .data.impure_data
                0x20000000      0x428 c:/program files (x86)/atmel/studio/7.0/toolchain/arm/arm-gnu-toolchain/bin/../lib/gcc/arm-none-eabi/6.2.1/../../../../arm-none-eabi/lib/thumb/v6-m\libc.a(lib_a-impure.o)
                0x20000428                . = ALIGN (0x4)
                0x20000428                _erelocate = .

.bss            0x20000428       0x90 load address 0x00000f60
                0x20000428                . = ALIGN (0x4)
                0x20000428                _sbss = .
                0x20000428                _szero = .
 *(.bss .bss.*)
 .bss           0x20000428       0x1c c:/program files (x86)/atmel/studio/7.0/toolchain/arm/arm-gnu-toolchain/bin/../lib/gcc/arm-none-eabi/6.2.1/thumb/v6-m/crtbegin.o
 .bss           0x20000444        0x8 usr_lib/reflow_oven.o
 *(COMMON)
 COMMON         0x2000044c       0x6c main.o
                0x2000044c                reflow_oven_user_input
                0x200004b0                rfl_ovn_status
                0x200004b4                rfl_ovn_time_tmp
                0x200004b6                rfl_ovn_time
                0x200004b8                . = ALIGN (0x4)
                0x200004b8                _ebss = .
                0x200004b8                _ezero = .

.stack          0x200004b8      0x400 load address 0x00000ff0
                0x200004b8                . = ALIGN (0x8)
                0x200004b8                _sstack = .
                0x200008b8                . = (. + STACK_SIZE)
 *fill*         0x200004b8      0x400 
                0x200008b8                . = ALIGN (0x8)
                0x200008b8                _estack = .
                0x200008b8                . = ALIGN (0x4)
                0x200008b8                _end = .
OUTPUT(LibraryEditor.elf elf32-littlearm)

.ARM.attributes
                0x00000000       0x28
 .ARM.attributes
                0x00000000       0x1e c:/program files (x86)/atmel/studio/7.0/toolchain/arm/arm-gnu-toolchain/bin/../lib/gcc/arm-none-eabi/6.2.1/thumb/v6-m/crti.o
 .ARM.attributes
                0x0000001e       0x2c c:/program files (x86)/atmel/studio/7.0/toolchain/arm/arm-gnu-toolchain/bin/../lib/gcc/arm-none-eabi/6.2.1/thumb/v6-m/crtbegin.o
 .ARM.attributes
                0x0000004a       0x32 Device_Startup/startup_samd21.o
 .ARM.attributes
                0x0000007c       0x32 main.o
 .ARM.attributes
                0x000000ae       0x32 usr_lib/adc.o
 .ARM.attributes
                0x000000e0       0x32 usr_lib/gpio.o
 .ARM.attributes
                0x00000112       0x32 usr_lib/reflow_oven.o
 .ARM.attributes
                0x00000144       0x32 usr_lib/samd21.o
 .ARM.attributes
                0x00000176       0x32 usr_lib/tc.o
 .ARM.attributes
                0x000001a8       0x32 usr_lib/uart.o
 .ARM.attributes
                0x000001da       0x2c c:/program files (x86)/atmel/studio/7.0/toolchain/arm/arm-gnu-toolchain/bin/../lib/gcc/arm-none-eabi/6.2.1/../../../../arm-none-eabi/lib/thumb/v6-m\libc.a(lib_a-impure.o)
 .ARM.attributes
                0x00000206       0x2c c:/program files (x86)/atmel/studio/7.0/toolchain/arm/arm-gnu-toolchain/bin/../lib/gcc/arm-none-eabi/6.2.1/../../../../arm-none-eabi/lib/thumb/v6-m\libc.a(lib_a-init.o)
 .ARM.attributes
                0x00000232       0x2c c:/program files (x86)/atmel/studio/7.0/toolchain/arm/arm-gnu-toolchain/bin/../lib/gcc/arm-none-eabi/6.2.1/../../../../arm-none-eabi/lib/thumb/v6-m\libc.a(lib_a-__call_atexit.o)
 .ARM.attributes
                0x0000025e       0x2c c:/program files (x86)/atmel/studio/7.0/toolchain/arm/arm-gnu-toolchain/bin/../lib/gcc/arm-none-eabi/6.2.1/../../../../arm-none-eabi/lib/thumb/v6-m\libc.a(lib_a-atexit.o)
 .ARM.attributes
                0x0000028a       0x2c c:/program files (x86)/atmel/studio/7.0/toolchain/arm/arm-gnu-toolchain/bin/../lib/gcc/arm-none-eabi/6.2.1/../../../../arm-none-eabi/lib/thumb/v6-m\libc.a(lib_a-fini.o)
 .ARM.attributes
                0x000002b6       0x2c c:/program files (x86)/atmel/studio/7.0/toolchain/arm/arm-gnu-toolchain/bin/../lib/gcc/arm-none-eabi/6.2.1/../../../../arm-none-eabi/lib/thumb/v6-m\libc.a(lib_a-__atexit.o)
 .ARM.attributes
                0x000002e2       0x1e c:/program files (x86)/atmel/studio/7.0/toolchain/arm/arm-gnu-toolchain/bin/../lib/gcc/arm-none-eabi/6.2.1/thumb/v6-m/crtn.o

.comment        0x00000000       0x59
 .comment       0x00000000       0x59 Device_Startup/startup_samd21.o
                                 0x5a (size before relaxing)
 .comment       0x00000059       0x5a main.o
 .comment       0x00000059       0x5a usr_lib/adc.o
 .comment       0x00000059       0x5a usr_lib/gpio.o
 .comment       0x00000059       0x5a usr_lib/reflow_oven.o
 .comment       0x00000059       0x5a usr_lib/samd21.o
 .comment       0x00000059       0x5a usr_lib/tc.o
 .comment       0x00000059       0x5a usr_lib/uart.o

.debug_info     0x00000000     0xa94a
 .debug_info    0x00000000     0x3a3f Device_Startup/startup_samd21.o
 .debug_info    0x00003a3f     0x104f main.o
 .debug_info    0x00004a8e     0x1110 usr_lib/adc.o
 .debug_info    0x00005b9e      0x99a usr_lib/gpio.o
 .debug_info    0x00006538     0x238b usr_lib/reflow_oven.o
 .debug_info    0x000088c3      0x137 usr_lib/samd21.o
 .debug_info    0x000089fa      0xacd usr_lib/tc.o
 .debug_info    0x000094c7     0x1483 usr_lib/uart.o

.debug_abbrev   0x00000000      0xf49
 .debug_abbrev  0x00000000      0x234 Device_Startup/startup_samd21.o
 .debug_abbrev  0x00000234      0x24c main.o
 .debug_abbrev  0x00000480      0x160 usr_lib/adc.o
 .debug_abbrev  0x000005e0      0x213 usr_lib/gpio.o
 .debug_abbrev  0x000007f3      0x32d usr_lib/reflow_oven.o
 .debug_abbrev  0x00000b20       0xa8 usr_lib/samd21.o
 .debug_abbrev  0x00000bc8      0x148 usr_lib/tc.o
 .debug_abbrev  0x00000d10      0x239 usr_lib/uart.o

.debug_loc      0x00000000      0xf38
 .debug_loc     0x00000000       0x40 Device_Startup/startup_samd21.o
 .debug_loc     0x00000040       0x20 main.o
 .debug_loc     0x00000060       0xa5 usr_lib/adc.o
 .debug_loc     0x00000105      0x442 usr_lib/gpio.o
 .debug_loc     0x00000547      0x305 usr_lib/reflow_oven.o
 .debug_loc     0x0000084c      0x19f usr_lib/samd21.o
 .debug_loc     0x000009eb      0x162 usr_lib/tc.o
 .debug_loc     0x00000b4d      0x3eb usr_lib/uart.o

.debug_aranges  0x00000000      0x228
 .debug_aranges
                0x00000000       0x28 Device_Startup/startup_samd21.o
 .debug_aranges
                0x00000028       0x28 main.o
 .debug_aranges
                0x00000050       0x40 usr_lib/adc.o
 .debug_aranges
                0x00000090       0x70 usr_lib/gpio.o
 .debug_aranges
                0x00000100       0x70 usr_lib/reflow_oven.o
 .debug_aranges
                0x00000170       0x28 usr_lib/samd21.o
 .debug_aranges
                0x00000198       0x30 usr_lib/tc.o
 .debug_aranges
                0x000001c8       0x60 usr_lib/uart.o

.debug_ranges   0x00000000      0x1f0
 .debug_ranges  0x00000000       0x18 Device_Startup/startup_samd21.o
 .debug_ranges  0x00000018       0x18 main.o
 .debug_ranges  0x00000030       0x30 usr_lib/adc.o
 .debug_ranges  0x00000060       0x60 usr_lib/gpio.o
 .debug_ranges  0x000000c0       0xa8 usr_lib/reflow_oven.o
 .debug_ranges  0x00000168       0x18 usr_lib/samd21.o
 .debug_ranges  0x00000180       0x20 usr_lib/tc.o
 .debug_ranges  0x000001a0       0x50 usr_lib/uart.o

.debug_macro    0x00000000    0x12f35
 .debug_macro   0x00000000      0x2f9 Device_Startup/startup_samd21.o
 .debug_macro   0x000002f9      0x898 Device_Startup/startup_samd21.o
 .debug_macro   0x00000b91       0x22 Device_Startup/startup_samd21.o
 .debug_macro   0x00000bb3       0x87 Device_Startup/startup_samd21.o
 .debug_macro   0x00000c3a       0x51 Device_Startup/startup_samd21.o
 .debug_macro   0x00000c8b       0xef Device_Startup/startup_samd21.o
 .debug_macro   0x00000d7a       0x6a Device_Startup/startup_samd21.o
 .debug_macro   0x00000de4      0x1df Device_Startup/startup_samd21.o
 .debug_macro   0x00000fc3       0x40 Device_Startup/startup_samd21.o
 .debug_macro   0x00001003       0x3a Device_Startup/startup_samd21.o
 .debug_macro   0x0000103d       0x1f Device_Startup/startup_samd21.o
 .debug_macro   0x0000105c      0x250 Device_Startup/startup_samd21.o
 .debug_macro   0x000012ac      0x67d Device_Startup/startup_samd21.o
 .debug_macro   0x00001929      0x8b0 Device_Startup/startup_samd21.o
 .debug_macro   0x000021d9      0x22e Device_Startup/startup_samd21.o
 .debug_macro   0x00002407      0xd5c Device_Startup/startup_samd21.o
 .debug_macro   0x00003163      0x4c6 Device_Startup/startup_samd21.o
 .debug_macro   0x00003629      0x9f6 Device_Startup/startup_samd21.o
 .debug_macro   0x0000401f      0x82a Device_Startup/startup_samd21.o
 .debug_macro   0x00004849      0x450 Device_Startup/startup_samd21.o
 .debug_macro   0x00004c99       0x5e Device_Startup/startup_samd21.o
 .debug_macro   0x00004cf7      0x8f8 Device_Startup/startup_samd21.o
 .debug_macro   0x000055ef      0x21c Device_Startup/startup_samd21.o
 .debug_macro   0x0000580b      0x7dc Device_Startup/startup_samd21.o
 .debug_macro   0x00005fe7       0x5e Device_Startup/startup_samd21.o
 .debug_macro   0x00006045      0x662 Device_Startup/startup_samd21.o
 .debug_macro   0x000066a7      0x3ab Device_Startup/startup_samd21.o
 .debug_macro   0x00006a52      0xc75 Device_Startup/startup_samd21.o
 .debug_macro   0x000076c7     0x1092 Device_Startup/startup_samd21.o
 .debug_macro   0x00008759      0xc4a Device_Startup/startup_samd21.o
 .debug_macro   0x000093a3      0x6ba Device_Startup/startup_samd21.o
 .debug_macro   0x00009a5d     0x1bba Device_Startup/startup_samd21.o
 .debug_macro   0x0000b617     0x143b Device_Startup/startup_samd21.o
 .debug_macro   0x0000ca52      0x33f Device_Startup/startup_samd21.o
 .debug_macro   0x0000cd91       0x7c Device_Startup/startup_samd21.o
 .debug_macro   0x0000ce0d       0xa0 Device_Startup/startup_samd21.o
 .debug_macro   0x0000cead       0x4c Device_Startup/startup_samd21.o
 .debug_macro   0x0000cef9       0xca Device_Startup/startup_samd21.o
 .debug_macro   0x0000cfc3       0x94 Device_Startup/startup_samd21.o
 .debug_macro   0x0000d057       0x58 Device_Startup/startup_samd21.o
 .debug_macro   0x0000d0af      0x363 Device_Startup/startup_samd21.o
 .debug_macro   0x0000d412       0x82 Device_Startup/startup_samd21.o
 .debug_macro   0x0000d494      0x188 Device_Startup/startup_samd21.o
 .debug_macro   0x0000d61c       0xb8 Device_Startup/startup_samd21.o
 .debug_macro   0x0000d6d4       0xa0 Device_Startup/startup_samd21.o
 .debug_macro   0x0000d774       0xb8 Device_Startup/startup_samd21.o
 .debug_macro   0x0000d82c       0x1c Device_Startup/startup_samd21.o
 .debug_macro   0x0000d848       0x1c Device_Startup/startup_samd21.o
 .debug_macro   0x0000d864       0x1c Device_Startup/startup_samd21.o
 .debug_macro   0x0000d880       0x82 Device_Startup/startup_samd21.o
 .debug_macro   0x0000d902      0x15a Device_Startup/startup_samd21.o
 .debug_macro   0x0000da5c       0xdc Device_Startup/startup_samd21.o
 .debug_macro   0x0000db38      0x124 Device_Startup/startup_samd21.o
 .debug_macro   0x0000dc5c      0x124 Device_Startup/startup_samd21.o
 .debug_macro   0x0000dd80      0x124 Device_Startup/startup_samd21.o
 .debug_macro   0x0000dea4      0x124 Device_Startup/startup_samd21.o
 .debug_macro   0x0000dfc8      0x124 Device_Startup/startup_samd21.o
 .debug_macro   0x0000e0ec      0x124 Device_Startup/startup_samd21.o
 .debug_macro   0x0000e210      0x124 Device_Startup/startup_samd21.o
 .debug_macro   0x0000e334       0xe2 Device_Startup/startup_samd21.o
 .debug_macro   0x0000e416       0xe2 Device_Startup/startup_samd21.o
 .debug_macro   0x0000e4f8       0xe2 Device_Startup/startup_samd21.o
 .debug_macro   0x0000e5da       0xe2 Device_Startup/startup_samd21.o
 .debug_macro   0x0000e6bc       0xe2 Device_Startup/startup_samd21.o
 .debug_macro   0x0000e79e      0x130 Device_Startup/startup_samd21.o
 .debug_macro   0x0000e8ce      0x106 Device_Startup/startup_samd21.o
 .debug_macro   0x0000e9d4       0xfa Device_Startup/startup_samd21.o
 .debug_macro   0x0000eace      0x40f Device_Startup/startup_samd21.o
 .debug_macro   0x0000eedd       0x40 Device_Startup/startup_samd21.o
 .debug_macro   0x0000ef1d      0x399 Device_Startup/startup_samd21.o
 .debug_macro   0x0000f2b6     0x1faf Device_Startup/startup_samd21.o
 .debug_macro   0x00011265       0x7b Device_Startup/startup_samd21.o
 .debug_macro   0x000112e0      0x42a main.o
 .debug_macro   0x0001170a      0x34e main.o
 .debug_macro   0x00011a58      0x1ba main.o
 .debug_macro   0x00011c12       0xc4 main.o
 .debug_macro   0x00011cd6       0x22 main.o
 .debug_macro   0x00011cf8       0x2e main.o
 .debug_macro   0x00011d26       0x22 main.o
 .debug_macro   0x00011d48       0x5f main.o
 .debug_macro   0x00011da7       0x11 main.o
 .debug_macro   0x00011db8       0x4c main.o
 .debug_macro   0x00011e04       0x8d main.o
 .debug_macro   0x00011e91       0x35 main.o
 .debug_macro   0x00011ec6       0x9c main.o
 .debug_macro   0x00011f62      0x16d main.o
 .debug_macro   0x000120cf       0x57 main.o
 .debug_macro   0x00012126       0x52 main.o
 .debug_macro   0x00012178       0x1f main.o
 .debug_macro   0x00012197       0x43 main.o
 .debug_macro   0x000121da       0x20 main.o
 .debug_macro   0x000121fa      0x187 main.o
 .debug_macro   0x00012381      0x330 main.o
 .debug_macro   0x000126b1       0x10 main.o
 .debug_macro   0x000126c1       0x35 main.o
 .debug_macro   0x000126f6       0x49 main.o
 .debug_macro   0x0001273f       0x10 main.o
 .debug_macro   0x0001274f       0x9a main.o
 .debug_macro   0x000127e9      0x1d1 main.o
 .debug_macro   0x000129ba       0x55 usr_lib/adc.o
 .debug_macro   0x00012a0f      0x1c0 usr_lib/adc.o
 .debug_macro   0x00012bcf       0xbe usr_lib/adc.o
 .debug_macro   0x00012c8d       0x32 usr_lib/gpio.o
 .debug_macro   0x00012cbf       0x28 usr_lib/gpio.o
 .debug_macro   0x00012ce7      0x169 usr_lib/reflow_oven.o
 .debug_macro   0x00012e50       0x29 usr_lib/samd21.o
 .debug_macro   0x00012e79       0x5c usr_lib/tc.o
 .debug_macro   0x00012ed5       0x60 usr_lib/uart.o

.debug_line     0x00000000     0x1aba
 .debug_line    0x00000000      0x6e8 Device_Startup/startup_samd21.o
 .debug_line    0x000006e8      0x7ee main.o
 .debug_line    0x00000ed6      0x13d usr_lib/adc.o
 .debug_line    0x00001013      0x1b6 usr_lib/gpio.o
 .debug_line    0x000011c9      0x4a0 usr_lib/reflow_oven.o
 .debug_line    0x00001669       0xe9 usr_lib/samd21.o
 .debug_line    0x00001752      0x13b usr_lib/tc.o
 .debug_line    0x0000188d      0x22d usr_lib/uart.o

.debug_str      0x00000000    0x74bd4
 .debug_str     0x00000000    0x6f96a Device_Startup/startup_samd21.o
                              0x6fd96 (size before relaxing)
 .debug_str     0x0006f96a     0x483c main.o
                              0x735ff (size before relaxing)
 .debug_str     0x000741a6      0x48f usr_lib/adc.o
                               0x3c40 (size before relaxing)
 .debug_str     0x00074635      0x196 usr_lib/gpio.o
                               0x374c (size before relaxing)
 .debug_str     0x000747cb      0x2cb usr_lib/reflow_oven.o
                               0x782e (size before relaxing)
 .debug_str     0x00074a96       0x41 usr_lib/samd21.o
                               0x33b4 (size before relaxing)
 .debug_str     0x00074ad7       0x15 usr_lib/tc.o
                               0x3b82 (size before relaxing)
 .debug_str     0x00074aec       0xe8 usr_lib/uart.o
                               0x3f30 (size before relaxing)

.debug_frame    0x00000000      0x578
 .debug_frame   0x00000000       0x40 Device_Startup/startup_samd21.o
 .debug_frame   0x00000040       0x38 main.o
 .debug_frame   0x00000078       0x70 usr_lib/adc.o
 .debug_frame   0x000000e8       0xf8 usr_lib/gpio.o
 .debug_frame   0x000001e0      0x124 usr_lib/reflow_oven.o
 .debug_frame   0x00000304       0x38 usr_lib/samd21.o
 .debug_frame   0x0000033c       0x4c usr_lib/tc.o
 .debug_frame   0x00000388       0xe0 usr_lib/uart.o
 .debug_frame   0x00000468       0x2c c:/program files (x86)/atmel/studio/7.0/toolchain/arm/arm-gnu-toolchain/bin/../lib/gcc/arm-none-eabi/6.2.1/../../../../arm-none-eabi/lib/thumb/v6-m\libc.a(lib_a-init.o)
 .debug_frame   0x00000494       0x54 c:/program files (x86)/atmel/studio/7.0/toolchain/arm/arm-gnu-toolchain/bin/../lib/gcc/arm-none-eabi/6.2.1/../../../../arm-none-eabi/lib/thumb/v6-m\libc.a(lib_a-__call_atexit.o)
 .debug_frame   0x000004e8       0x28 c:/program files (x86)/atmel/studio/7.0/toolchain/arm/arm-gnu-toolchain/bin/../lib/gcc/arm-none-eabi/6.2.1/../../../../arm-none-eabi/lib/thumb/v6-m\libc.a(lib_a-atexit.o)
 .debug_frame   0x00000510       0x2c c:/program files (x86)/atmel/studio/7.0/toolchain/arm/arm-gnu-toolchain/bin/../lib/gcc/arm-none-eabi/6.2.1/../../../../arm-none-eabi/lib/thumb/v6-m\libc.a(lib_a-fini.o)
 .debug_frame   0x0000053c       0x3c c:/program files (x86)/atmel/studio/7.0/toolchain/arm/arm-gnu-toolchain/bin/../lib/gcc/arm-none-eabi/6.2.1/../../../../arm-none-eabi/lib/thumb/v6-m\libc.a(lib_a-__atexit.o)
