Archive member included to satisfy reference by file (symbol)

c:/program files (x86)/atmel/studio/7.0/toolchain/arm/arm-gnu-toolchain/bin/../lib/gcc/arm-none-eabi/6.2.1/thumb/v6-m\libgcc.a(_divsi3.o)
                              usr_lib/samd21.o (__aeabi_idiv)
c:/program files (x86)/atmel/studio/7.0/toolchain/arm/arm-gnu-toolchain/bin/../lib/gcc/arm-none-eabi/6.2.1/thumb/v6-m\libgcc.a(_dvmd_tls.o)
                              c:/program files (x86)/atmel/studio/7.0/toolchain/arm/arm-gnu-toolchain/bin/../lib/gcc/arm-none-eabi/6.2.1/thumb/v6-m\libgcc.a(_divsi3.o) (__aeabi_idiv0)
c:/program files (x86)/atmel/studio/7.0/toolchain/arm/arm-gnu-toolchain/bin/../lib/gcc/arm-none-eabi/6.2.1/thumb/v6-m\libgcc.a(_fixunssfsi.o)
                              usr_lib/samd21.o (__aeabi_f2uiz)
c:/program files (x86)/atmel/studio/7.0/toolchain/arm/arm-gnu-toolchain/bin/../lib/gcc/arm-none-eabi/6.2.1/thumb/v6-m\libgcc.a(subsf3.o)
                              c:/program files (x86)/atmel/studio/7.0/toolchain/arm/arm-gnu-toolchain/bin/../lib/gcc/arm-none-eabi/6.2.1/thumb/v6-m\libgcc.a(_fixunssfsi.o) (__aeabi_fsub)
c:/program files (x86)/atmel/studio/7.0/toolchain/arm/arm-gnu-toolchain/bin/../lib/gcc/arm-none-eabi/6.2.1/thumb/v6-m\libgcc.a(fixsfsi.o)
                              c:/program files (x86)/atmel/studio/7.0/toolchain/arm/arm-gnu-toolchain/bin/../lib/gcc/arm-none-eabi/6.2.1/thumb/v6-m\libgcc.a(_fixunssfsi.o) (__aeabi_f2iz)
c:/program files (x86)/atmel/studio/7.0/toolchain/arm/arm-gnu-toolchain/bin/../lib/gcc/arm-none-eabi/6.2.1/thumb/v6-m\libgcc.a(floatsisf.o)
                              usr_lib/samd21.o (__aeabi_i2f)
c:/program files (x86)/atmel/studio/7.0/toolchain/arm/arm-gnu-toolchain/bin/../lib/gcc/arm-none-eabi/6.2.1/thumb/v6-m\libgcc.a(_arm_cmpsf2.o)
                              c:/program files (x86)/atmel/studio/7.0/toolchain/arm/arm-gnu-toolchain/bin/../lib/gcc/arm-none-eabi/6.2.1/thumb/v6-m\libgcc.a(_fixunssfsi.o) (__aeabi_fcmpge)
c:/program files (x86)/atmel/studio/7.0/toolchain/arm/arm-gnu-toolchain/bin/../lib/gcc/arm-none-eabi/6.2.1/thumb/v6-m\libgcc.a(_clzsi2.o)
                              c:/program files (x86)/atmel/studio/7.0/toolchain/arm/arm-gnu-toolchain/bin/../lib/gcc/arm-none-eabi/6.2.1/thumb/v6-m\libgcc.a(subsf3.o) (__clzsi2)
c:/program files (x86)/atmel/studio/7.0/toolchain/arm/arm-gnu-toolchain/bin/../lib/gcc/arm-none-eabi/6.2.1/thumb/v6-m\libgcc.a(eqsf2.o)
                              c:/program files (x86)/atmel/studio/7.0/toolchain/arm/arm-gnu-toolchain/bin/../lib/gcc/arm-none-eabi/6.2.1/thumb/v6-m\libgcc.a(_arm_cmpsf2.o) (__eqsf2)
c:/program files (x86)/atmel/studio/7.0/toolchain/arm/arm-gnu-toolchain/bin/../lib/gcc/arm-none-eabi/6.2.1/thumb/v6-m\libgcc.a(gesf2.o)
                              c:/program files (x86)/atmel/studio/7.0/toolchain/arm/arm-gnu-toolchain/bin/../lib/gcc/arm-none-eabi/6.2.1/thumb/v6-m\libgcc.a(_arm_cmpsf2.o) (__gesf2)
c:/program files (x86)/atmel/studio/7.0/toolchain/arm/arm-gnu-toolchain/bin/../lib/gcc/arm-none-eabi/6.2.1/thumb/v6-m\libgcc.a(lesf2.o)
                              c:/program files (x86)/atmel/studio/7.0/toolchain/arm/arm-gnu-toolchain/bin/../lib/gcc/arm-none-eabi/6.2.1/thumb/v6-m\libgcc.a(_arm_cmpsf2.o) (__lesf2)
c:/program files (x86)/atmel/studio/7.0/toolchain/arm/arm-gnu-toolchain/bin/../lib/gcc/arm-none-eabi/6.2.1/../../../../arm-none-eabi/lib/thumb/v6-m\libc.a(lib_a-exit.o)
                              c:/program files (x86)/atmel/studio/7.0/toolchain/arm/arm-gnu-toolchain/bin/../lib/gcc/arm-none-eabi/6.2.1/../../../../arm-none-eabi/lib/thumb/v6-m/crt0.o (exit)
c:/program files (x86)/atmel/studio/7.0/toolchain/arm/arm-gnu-toolchain/bin/../lib/gcc/arm-none-eabi/6.2.1/../../../../arm-none-eabi/lib/thumb/v6-m\libc.a(lib_a-impure.o)
                              c:/program files (x86)/atmel/studio/7.0/toolchain/arm/arm-gnu-toolchain/bin/../lib/gcc/arm-none-eabi/6.2.1/../../../../arm-none-eabi/lib/thumb/v6-m\libc.a(lib_a-exit.o) (_global_impure_ptr)
c:/program files (x86)/atmel/studio/7.0/toolchain/arm/arm-gnu-toolchain/bin/../lib/gcc/arm-none-eabi/6.2.1/../../../../arm-none-eabi/lib/thumb/v6-m\libc.a(lib_a-init.o)
                              c:/program files (x86)/atmel/studio/7.0/toolchain/arm/arm-gnu-toolchain/bin/../lib/gcc/arm-none-eabi/6.2.1/../../../../arm-none-eabi/lib/thumb/v6-m/crt0.o (__libc_init_array)
c:/program files (x86)/atmel/studio/7.0/toolchain/arm/arm-gnu-toolchain/bin/../lib/gcc/arm-none-eabi/6.2.1/../../../../arm-none-eabi/lib/thumb/v6-m\libc.a(lib_a-memcpy-stub.o)
                              usr_lib/uart.o (memcpy)
c:/program files (x86)/atmel/studio/7.0/toolchain/arm/arm-gnu-toolchain/bin/../lib/gcc/arm-none-eabi/6.2.1/../../../../arm-none-eabi/lib/thumb/v6-m\libc.a(lib_a-memset.o)
                              c:/program files (x86)/atmel/studio/7.0/toolchain/arm/arm-gnu-toolchain/bin/../lib/gcc/arm-none-eabi/6.2.1/../../../../arm-none-eabi/lib/thumb/v6-m/crt0.o (memset)
[...]
Memory Configuration

Name             Origin             Length             Attributes
rom              0x00000000         0x00008000         xr
ram              0x20000000         0x00001000         xrw
*default*        0x00000000         0xffffffff

Linker script and memory map

LOAD c:/program files (x86)/atmel/studio/7.0/toolchain/arm/arm-gnu-toolchain/bin/../lib/gcc/arm-none-eabi/6.2.1/thumb/v6-m/crti.o
LOAD c:/program files (x86)/atmel/studio/7.0/toolchain/arm/arm-gnu-toolchain/bin/../lib/gcc/arm-none-eabi/6.2.1/thumb/v6-m/crtbegin.o
LOAD c:/program files (x86)/atmel/studio/7.0/toolchain/arm/arm-gnu-toolchain/bin/../lib/gcc/arm-none-eabi/6.2.1/../../../../arm-none-eabi/lib/thumb/v6-m/crt0.o
LOAD Device_Startup/startup_samd21.o
LOAD Device_Startup/system_samd21.o
LOAD main.o
LOAD usr_lib/adc.o
LOAD usr_lib/clock.o
LOAD usr_lib/debug.o
LOAD usr_lib/drone_controller.o
LOAD usr_lib/gpio.o
LOAD usr_lib/i2c.o
LOAD usr_lib/pm.o
LOAD usr_lib/pwm.o
LOAD usr_lib/rc_controller.o
LOAD usr_lib/reflow_oven.o
LOAD usr_lib/samd21.o
LOAD usr_lib/spi.o
LOAD usr_lib/tc.o
LOAD usr_lib/uart.o
START GROUP
LOAD c:/program files (x86)/atmel/studio/7.0/toolchain/arm/arm-gnu-toolchain/bin/../lib/gcc/arm-none-eabi/6.2.1/../../../../arm-none-eabi/lib/thumb/v6-m\libm.a
END GROUP
START GROUP
LOAD c:/program files (x86)/atmel/studio/7.0/toolchain/arm/arm-gnu-toolchain/bin/../lib/gcc/arm-none-eabi/6.2.1/thumb/v6-m\libgcc.a
LOAD c:/program files (x86)/atmel/studio/7.0/toolchain/arm/arm-gnu-toolchain/bin/../lib/gcc/arm-none-eabi/6.2.1/../../../../arm-none-eabi/lib/thumb/v6-m\libc.a
END GROUP
LOAD c:/program files (x86)/atmel/studio/7.0/toolchain/arm/arm-gnu-toolchain/bin/../lib/gcc/arm-none-eabi/6.2.1/thumb/v6-m/crtend.o
LOAD c:/program files (x86)/atmel/studio/7.0/toolchain/arm/arm-gnu-toolchain/bin/../lib/gcc/arm-none-eabi/6.2.1/thumb/v6-m/crtn.o
                0x00000400                STACK_SIZE = DEFINED (STACK_SIZE)?STACK_SIZE:DEFINED (__stack_size__)?__stack_size__:0x400

.text           0x00000000      0x5b4
                0x00000000                . = ALIGN (0x4)
                0x00000000                _sfixed = .
 *(.vectors .vectors.*)
 .vectors       0x00000000       0xb4 Device_Startup/startup_samd21.o
                0x00000000                exception_table
 *(.text .text.* .gnu.linkonce.t.*)
 .text          0x000000b4       0x60 c:/program files (x86)/atmel/studio/7.0/toolchain/arm/arm-gnu-toolchain/bin/../lib/gcc/arm-none-eabi/6.2.1/thumb/v6-m/crtbegin.o
 .text.Dummy_Handler
                0x00000114        0x2 Device_Startup/startup_samd21.o
                0x00000114                DMAC_Handler
                0x00000114                HardFault_Handler
                0x00000114                AC_Handler
                0x00000114                SysTick_Handler
                0x00000114                PendSV_Handler
                0x00000114                NMI_Handler
                0x00000114                TC7_Handler
                0x00000114                SERCOM1_Handler
                0x00000114                ADC_Handler
                0x00000114                TCC1_Handler
                0x00000114                SERCOM2_Handler
                0x00000114                TCC0_Handler
                0x00000114                RTC_Handler
                0x00000114                EIC_Handler
                0x00000114                TC6_Handler
                0x00000114                WDT_Handler
                0x00000114                TC4_Handler
                0x00000114                USB_Handler
                0x00000114                Dummy_Handler
                0x00000114                PM_Handler
                0x00000114                SERCOM5_Handler
                0x00000114                SVC_Handler
                0x00000114                TCC2_Handler
                0x00000114                EVSYS_Handler
                0x00000114                SERCOM3_Handler
                0x00000114                SERCOM4_Handler
                0x00000114                I2S_Handler
                0x00000114                NVMCTRL_Handler
                0x00000114                SERCOM0_Handler
                0x00000114                DAC_Handler
                0x00000114                PTC_Handler
                0x00000114                TC5_Handler
                0x00000114                SYSCTRL_Handler
 *fill*         0x00000116        0x2 
 .text.Reset_Handler
                0x00000118       0xe4 Device_Startup/startup_samd21.o
                0x00000118                Reset_Handler
 .text.tempFunc
                0x000001fc       0x30 main.o
                0x000001fc                tempFunc
 .text.TC3_Handler
                0x0000022c        0xc main.o
                0x0000022c                TC3_Handler
 .text.main     0x00000238       0xb0 main.o
                0x00000238                main
 .text.tc_init  0x000002e8      0x104 usr_lib/tc.o
                0x000002e8                tc_init
 .text.tc_en    0x000003ec       0x14 usr_lib/tc.o
                0x000003ec                tc_en
 .text.__libc_init_array
                0x00000400       0x48 c:/program files (x86)/atmel/studio/7.0/toolchain/arm/arm-gnu-toolchain/bin/../lib/gcc/arm-none-eabi/6.2.1/../../../../arm-none-eabi/lib/thumb/v6-m\libc.a(lib_a-init.o)
                0x00000400                __libc_init_array
 .text.startup.register_fini
                0x00000448       0x18 c:/program files (x86)/atmel/studio/7.0/toolchain/arm/arm-gnu-toolchain/bin/../lib/gcc/arm-none-eabi/6.2.1/../../../../arm-none-eabi/lib/thumb/v6-m\libc.a(lib_a-__call_atexit.o)
 .text.atexit   0x00000460       0x10 c:/program files (x86)/atmel/studio/7.0/toolchain/arm/arm-gnu-toolchain/bin/../lib/gcc/arm-none-eabi/6.2.1/../../../../arm-none-eabi/lib/thumb/v6-m\libc.a(lib_a-atexit.o)
                0x00000460                atexit
 .text.__libc_fini_array
                0x00000470       0x34 c:/program files (x86)/atmel/studio/7.0/toolchain/arm/arm-gnu-toolchain/bin/../lib/gcc/arm-none-eabi/6.2.1/../../../../arm-none-eabi/lib/thumb/v6-m\libc.a(lib_a-fini.o)
                0x00000470                __libc_fini_array
 .text.__register_exitproc
                0x000004a4       0xd4 c:/program files (x86)/atmel/studio/7.0/toolchain/arm/arm-gnu-toolchain/bin/../lib/gcc/arm-none-eabi/6.2.1/../../../../arm-none-eabi/lib/thumb/v6-m\libc.a(lib_a-__atexit.o)
                0x000004a4                __register_exitproc
 *(.glue_7t)
 .glue_7t       0x00000578        0x0 linker stubs
 *(.glue_7)
 .glue_7        0x00000578        0x0 linker stubs
 *(.rodata .rodata* .gnu.linkonce.r.*)
 .rodata        0x00000578       0x14 usr_lib/tc.o
 .rodata._global_impure_ptr
                0x0000058c        0x4 c:/program files (x86)/atmel/studio/7.0/toolchain/arm/arm-gnu-toolchain/bin/../lib/gcc/arm-none-eabi/6.2.1/../../../../arm-none-eabi/lib/thumb/v6-m\libc.a(lib_a-impure.o)
                0x0000058c                _global_impure_ptr
 *(.ARM.extab* .gnu.linkonce.armextab.*)
                0x00000590                . = ALIGN (0x4)
 *(.init)
 .init          0x00000590        0x4 c:/program files (x86)/atmel/studio/7.0/toolchain/arm/arm-gnu-toolchain/bin/../lib/gcc/arm-none-eabi/6.2.1/thumb/v6-m/crti.o
                0x00000590                _init
 .init          0x00000594        0x8 c:/program files (x86)/atmel/studio/7.0/toolchain/arm/arm-gnu-toolchain/bin/../lib/gcc/arm-none-eabi/6.2.1/thumb/v6-m/crtn.o
                0x0000059c                . = ALIGN (0x4)
                0x0000059c                __preinit_array_start = .
 *(.preinit_array)
                0x0000059c                __preinit_array_end = .
                0x0000059c                . = ALIGN (0x4)
                0x0000059c                __init_array_start = .
 *(SORT(.init_array.*))
 .init_array.00000
                0x0000059c        0x4 c:/program files (x86)/atmel/studio/7.0/toolchain/arm/arm-gnu-toolchain/bin/../lib/gcc/arm-none-eabi/6.2.1/../../../../arm-none-eabi/lib/thumb/v6-m\libc.a(lib_a-__call_atexit.o)
 *(.init_array)
 .init_array    0x000005a0        0x4 c:/program files (x86)/atmel/studio/7.0/toolchain/arm/arm-gnu-toolchain/bin/../lib/gcc/arm-none-eabi/6.2.1/thumb/v6-m/crtbegin.o
                0x000005a4                __init_array_end = .
                0x000005a4                . = ALIGN (0x4)
 *crtbegin.o(.ctors)
 *(EXCLUDE_FILE(*crtend.o) .ctors)
 *(SORT(.ctors.*))
 *crtend.o(.ctors)
                0x000005a4                . = ALIGN (0x4)
 *(.fini)
 .fini          0x000005a4        0x4 c:/program files (x86)/atmel/studio/7.0/toolchain/arm/arm-gnu-toolchain/bin/../lib/gcc/arm-none-eabi/6.2.1/thumb/v6-m/crti.o
                0x000005a4                _fini
 .fini          0x000005a8        0x8 c:/program files (x86)/atmel/studio/7.0/toolchain/arm/arm-gnu-toolchain/bin/../lib/gcc/arm-none-eabi/6.2.1/thumb/v6-m/crtn.o
                0x000005b0                . = ALIGN (0x4)
                0x000005b0                __fini_array_start = .
 *(.fini_array)
 .fini_array    0x000005b0        0x4 c:/program files (x86)/atmel/studio/7.0/toolchain/arm/arm-gnu-toolchain/bin/../lib/gcc/arm-none-eabi/6.2.1/thumb/v6-m/crtbegin.o
 *(SORT(.fini_array.*))
                0x000005b4                __fini_array_end = .
 *crtbegin.o(.dtors)
 *(EXCLUDE_FILE(*crtend.o) .dtors)
 *(SORT(.dtors.*))
 *crtend.o(.dtors)
                0x000005b4                . = ALIGN (0x4)
                0x000005b4                _efixed = .
                [!provide]                PROVIDE (__exidx_start, .)

.vfp11_veneer   0x000005b4        0x0
 .vfp11_veneer  0x000005b4        0x0 linker stubs

.v4_bx          0x000005b4        0x0
 .v4_bx         0x000005b4        0x0 linker stubs

.iplt           0x000005b4        0x0
 .iplt          0x000005b4        0x0 c:/program files (x86)/atmel/studio/7.0/toolchain/arm/arm-gnu-toolchain/bin/../lib/gcc/arm-none-eabi/6.2.1/thumb/v6-m/crtbegin.o

.eh_frame       0x000005b4        0x0
 .eh_frame      0x000005b4        0x0 c:/program files (x86)/atmel/studio/7.0/toolchain/arm/arm-gnu-toolchain/bin/../lib/gcc/arm-none-eabi/6.2.1/thumb/v6-m/crtbegin.o

.rel.dyn        0x000005b4        0x0
 .rel.iplt      0x000005b4        0x0 c:/program files (x86)/atmel/studio/7.0/toolchain/arm/arm-gnu-toolchain/bin/../lib/gcc/arm-none-eabi/6.2.1/thumb/v6-m/crtbegin.o

.jcr            0x000005b4        0x0
 .jcr           0x000005b4        0x0 c:/program files (x86)/atmel/studio/7.0/toolchain/arm/arm-gnu-toolchain/bin/../lib/gcc/arm-none-eabi/6.2.1/thumb/v6-m/crtbegin.o

.igot.plt       0x000005b4        0x0
 .igot.plt      0x000005b4        0x0 c:/program files (x86)/atmel/studio/7.0/toolchain/arm/arm-gnu-toolchain/bin/../lib/gcc/arm-none-eabi/6.2.1/thumb/v6-m/crtbegin.o

.ARM.exidx
 *(.ARM.exidx* .gnu.linkonce.armexidx.*)
                [!provide]                PROVIDE (__exidx_end, .)
                0x000005b4                . = ALIGN (0x4)
                0x000005b4                _etext = .

.relocate       0x20000000      0x428 load address 0x000005b4
                0x20000000                . = ALIGN (0x4)
                0x20000000                _srelocate = .
 *(.ramfunc .ramfunc.*)
 *(.data .data.*)
 .data.impure_data
                0x20000000      0x428 c:/program files (x86)/atmel/studio/7.0/toolchain/arm/arm-gnu-toolchain/bin/../lib/gcc/arm-none-eabi/6.2.1/../../../../arm-none-eabi/lib/thumb/v6-m\libc.a(lib_a-impure.o)
                0x20000428                . = ALIGN (0x4)
                0x20000428                _erelocate = .

.bss            0x20000428       0x24 load address 0x000009dc
                0x20000428                . = ALIGN (0x4)
                0x20000428                _sbss = .
                0x20000428                _szero = .
 *(.bss .bss.*)
 .bss           0x20000428       0x1c c:/program files (x86)/atmel/studio/7.0/toolchain/arm/arm-gnu-toolchain/bin/../lib/gcc/arm-none-eabi/6.2.1/thumb/v6-m/crtbegin.o
 .bss           0x20000444        0x8 main.o
 *(COMMON)
                0x2000044c                . = ALIGN (0x4)
                0x2000044c                _ebss = .
                0x2000044c                _ezero = .

.stack          0x2000044c      0x404 load address 0x00000a00
                0x20000450                . = ALIGN (0x8)
 *fill*         0x2000044c        0x4 
                0x20000450                _sstack = .
                0x20000850                . = (. + STACK_SIZE)
 *fill*         0x20000450      0x400 
                0x20000850                . = ALIGN (0x8)
                0x20000850                _estack = .
                0x20000850                . = ALIGN (0x4)
                0x20000850                _end = .
OUTPUT(LibraryEditor.elf elf32-littlearm)

.ARM.attributes
                0x00000000       0x28
 .ARM.attributes
                0x00000000       0x1e c:/program files (x86)/atmel/studio/7.0/toolchain/arm/arm-gnu-toolchain/bin/../lib/gcc/arm-none-eabi/6.2.1/thumb/v6-m/crti.o
 .ARM.attributes
                0x0000001e       0x2c c:/program files (x86)/atmel/studio/7.0/toolchain/arm/arm-gnu-toolchain/bin/../lib/gcc/arm-none-eabi/6.2.1/thumb/v6-m/crtbegin.o
 .ARM.attributes
                0x0000004a       0x32 Device_Startup/startup_samd21.o
 .ARM.attributes
                0x0000007c       0x32 main.o
 .ARM.attributes
                0x000000ae       0x32 usr_lib/tc.o
 .ARM.attributes
                0x000000e0       0x2c c:/program files (x86)/atmel/studio/7.0/toolchain/arm/arm-gnu-toolchain/bin/../lib/gcc/arm-none-eabi/6.2.1/../../../../arm-none-eabi/lib/thumb/v6-m\libc.a(lib_a-impure.o)
 .ARM.attributes
                0x0000010c       0x2c c:/program files (x86)/atmel/studio/7.0/toolchain/arm/arm-gnu-toolchain/bin/../lib/gcc/arm-none-eabi/6.2.1/../../../../arm-none-eabi/lib/thumb/v6-m\libc.a(lib_a-init.o)
 .ARM.attributes
                0x00000138       0x2c c:/program files (x86)/atmel/studio/7.0/toolchain/arm/arm-gnu-toolchain/bin/../lib/gcc/arm-none-eabi/6.2.1/../../../../arm-none-eabi/lib/thumb/v6-m\libc.a(lib_a-__call_atexit.o)
 .ARM.attributes
                0x00000164       0x2c c:/program files (x86)/atmel/studio/7.0/toolchain/arm/arm-gnu-toolchain/bin/../lib/gcc/arm-none-eabi/6.2.1/../../../../arm-none-eabi/lib/thumb/v6-m\libc.a(lib_a-atexit.o)
 .ARM.attributes
                0x00000190       0x2c c:/program files (x86)/atmel/studio/7.0/toolchain/arm/arm-gnu-toolchain/bin/../lib/gcc/arm-none-eabi/6.2.1/../../../../arm-none-eabi/lib/thumb/v6-m\libc.a(lib_a-fini.o)
 .ARM.attributes
                0x000001bc       0x2c c:/program files (x86)/atmel/studio/7.0/toolchain/arm/arm-gnu-toolchain/bin/../lib/gcc/arm-none-eabi/6.2.1/../../../../arm-none-eabi/lib/thumb/v6-m\libc.a(lib_a-__atexit.o)
 .ARM.attributes
                0x000001e8       0x1e c:/program files (x86)/atmel/studio/7.0/toolchain/arm/arm-gnu-toolchain/bin/../lib/gcc/arm-none-eabi/6.2.1/thumb/v6-m/crtn.o

.comment        0x00000000       0x59
 .comment       0x00000000       0x59 Device_Startup/startup_samd21.o
                                 0x5a (size before relaxing)
 .comment       0x00000059       0x5a main.o
 .comment       0x00000059       0x5a usr_lib/tc.o

.debug_info     0x00000000     0x53c1
 .debug_info    0x00000000     0x3a3f Device_Startup/startup_samd21.o
 .debug_info    0x00003a3f      0xeb5 main.o
 .debug_info    0x000048f4      0xacd usr_lib/tc.o

.debug_abbrev   0x00000000      0x52e
 .debug_abbrev  0x00000000      0x234 Device_Startup/startup_samd21.o
 .debug_abbrev  0x00000234      0x1b2 main.o
 .debug_abbrev  0x000003e6      0x148 usr_lib/tc.o

.debug_loc      0x00000000      0x23c
 .debug_loc     0x00000000       0x40 Device_Startup/startup_samd21.o
 .debug_loc     0x00000040       0x9a main.o
 .debug_loc     0x000000da      0x162 usr_lib/tc.o

.debug_aranges  0x00000000       0x88
 .debug_aranges
                0x00000000       0x28 Device_Startup/startup_samd21.o
 .debug_aranges
                0x00000028       0x30 main.o
 .debug_aranges
                0x00000058       0x30 usr_lib/tc.o

.debug_ranges   0x00000000       0x58
 .debug_ranges  0x00000000       0x18 Device_Startup/startup_samd21.o
 .debug_ranges  0x00000018       0x20 main.o
 .debug_ranges  0x00000038       0x20 usr_lib/tc.o

.debug_macro    0x00000000    0x11c4a
 .debug_macro   0x00000000      0x2f9 Device_Startup/startup_samd21.o
 .debug_macro   0x000002f9      0x898 Device_Startup/startup_samd21.o
 .debug_macro   0x00000b91       0x22 Device_Startup/startup_samd21.o
 .debug_macro   0x00000bb3       0x87 Device_Startup/startup_samd21.o
 .debug_macro   0x00000c3a       0x51 Device_Startup/startup_samd21.o
 .debug_macro   0x00000c8b       0xef Device_Startup/startup_samd21.o
 .debug_macro   0x00000d7a       0x6a Device_Startup/startup_samd21.o
 .debug_macro   0x00000de4      0x1df Device_Startup/startup_samd21.o
 .debug_macro   0x00000fc3       0x40 Device_Startup/startup_samd21.o
 .debug_macro   0x00001003       0x3a Device_Startup/startup_samd21.o
 .debug_macro   0x0000103d       0x1f Device_Startup/startup_samd21.o
 .debug_macro   0x0000105c      0x250 Device_Startup/startup_samd21.o
 .debug_macro   0x000012ac      0x67d Device_Startup/startup_samd21.o
 .debug_macro   0x00001929      0x8b0 Device_Startup/startup_samd21.o
 .debug_macro   0x000021d9      0x22e Device_Startup/startup_samd21.o
 .debug_macro   0x00002407      0xd5c Device_Startup/startup_samd21.o
 .debug_macro   0x00003163      0x4c6 Device_Startup/startup_samd21.o
 .debug_macro   0x00003629      0x9f6 Device_Startup/startup_samd21.o
 .debug_macro   0x0000401f      0x82a Device_Startup/startup_samd21.o
 .debug_macro   0x00004849      0x450 Device_Startup/startup_samd21.o
 .debug_macro   0x00004c99       0x5e Device_Startup/startup_samd21.o
 .debug_macro   0x00004cf7      0x8f8 Device_Startup/startup_samd21.o
 .debug_macro   0x000055ef      0x21c Device_Startup/startup_samd21.o
 .debug_macro   0x0000580b      0x7dc Device_Startup/startup_samd21.o
 .debug_macro   0x00005fe7       0x5e Device_Startup/startup_samd21.o
 .debug_macro   0x00006045      0x662 Device_Startup/startup_samd21.o
 .debug_macro   0x000066a7      0x3ab Device_Startup/startup_samd21.o
 .debug_macro   0x00006a52      0xc75 Device_Startup/startup_samd21.o
 .debug_macro   0x000076c7     0x1092 Device_Startup/startup_samd21.o
 .debug_macro   0x00008759      0xc4a Device_Startup/startup_samd21.o
 .debug_macro   0x000093a3      0x6ba Device_Startup/startup_samd21.o
 .debug_macro   0x00009a5d     0x1bba Device_Startup/startup_samd21.o
 .debug_macro   0x0000b617     0x143b Device_Startup/startup_samd21.o
 .debug_macro   0x0000ca52      0x33f Device_Startup/startup_samd21.o
 .debug_macro   0x0000cd91       0x7c Device_Startup/startup_samd21.o
 .debug_macro   0x0000ce0d       0xa0 Device_Startup/startup_samd21.o
 .debug_macro   0x0000cead       0x4c Device_Startup/startup_samd21.o
 .debug_macro   0x0000cef9       0xca Device_Startup/startup_samd21.o
 .debug_macro   0x0000cfc3       0x94 Device_Startup/startup_samd21.o
 .debug_macro   0x0000d057       0x58 Device_Startup/startup_samd21.o
 .debug_macro   0x0000d0af      0x363 Device_Startup/startup_samd21.o
 .debug_macro   0x0000d412       0x82 Device_Startup/startup_samd21.o
 .debug_macro   0x0000d494      0x188 Device_Startup/startup_samd21.o
 .debug_macro   0x0000d61c       0xb8 Device_Startup/startup_samd21.o
 .debug_macro   0x0000d6d4       0xa0 Device_Startup/startup_samd21.o
 .debug_macro   0x0000d774       0xb8 Device_Startup/startup_samd21.o
 .debug_macro   0x0000d82c       0x1c Device_Startup/startup_samd21.o
 .debug_macro   0x0000d848       0x1c Device_Startup/startup_samd21.o
 .debug_macro   0x0000d864       0x1c Device_Startup/startup_samd21.o
 .debug_macro   0x0000d880       0x82 Device_Startup/startup_samd21.o
 .debug_macro   0x0000d902      0x15a Device_Startup/startup_samd21.o
 .debug_macro   0x0000da5c       0xdc Device_Startup/startup_samd21.o
 .debug_macro   0x0000db38      0x124 Device_Startup/startup_samd21.o
 .debug_macro   0x0000dc5c      0x124 Device_Startup/startup_samd21.o
 .debug_macro   0x0000dd80      0x124 Device_Startup/startup_samd21.o
 .debug_macro   0x0000dea4      0x124 Device_Startup/startup_samd21.o
 .debug_macro   0x0000dfc8      0x124 Device_Startup/startup_samd21.o
 .debug_macro   0x0000e0ec      0x124 Device_Startup/startup_samd21.o
 .debug_macro   0x0000e210      0x124 Device_Startup/startup_samd21.o
 .debug_macro   0x0000e334       0xe2 Device_Startup/startup_samd21.o
 .debug_macro   0x0000e416       0xe2 Device_Startup/startup_samd21.o
 .debug_macro   0x0000e4f8       0xe2 Device_Startup/startup_samd21.o
 .debug_macro   0x0000e5da       0xe2 Device_Startup/startup_samd21.o
 .debug_macro   0x0000e6bc       0xe2 Device_Startup/startup_samd21.o
 .debug_macro   0x0000e79e      0x130 Device_Startup/startup_samd21.o
 .debug_macro   0x0000e8ce      0x106 Device_Startup/startup_samd21.o
 .debug_macro   0x0000e9d4       0xfa Device_Startup/startup_samd21.o
 .debug_macro   0x0000eace      0x40f Device_Startup/startup_samd21.o
 .debug_macro   0x0000eedd       0x40 Device_Startup/startup_samd21.o
 .debug_macro   0x0000ef1d      0x399 Device_Startup/startup_samd21.o
 .debug_macro   0x0000f2b6     0x1faf Device_Startup/startup_samd21.o
 .debug_macro   0x00011265       0x7b Device_Startup/startup_samd21.o
 .debug_macro   0x000112e0       0xbc main.o
 .debug_macro   0x0001139c      0x34e main.o
 .debug_macro   0x000116ea      0x1c0 main.o
 .debug_macro   0x000118aa       0x28 main.o
 .debug_macro   0x000118d2       0xc4 main.o
 .debug_macro   0x00011996       0x22 main.o
 .debug_macro   0x000119b8       0x43 main.o
 .debug_macro   0x000119fb       0x22 main.o
 .debug_macro   0x00011a1d      0x1d1 main.o
 .debug_macro   0x00011bee       0x5c usr_lib/tc.o

.debug_line     0x00000000      0xb73
 .debug_line    0x00000000      0x6e8 Device_Startup/startup_samd21.o
 .debug_line    0x000006e8      0x350 main.o
 .debug_line    0x00000a38      0x13b usr_lib/tc.o

.debug_str      0x00000000    0x7102a
 .debug_str     0x00000000    0x6f976 Device_Startup/startup_samd21.o
                              0x6fd96 (size before relaxing)
 .debug_str     0x0006f976     0x1527 main.o
                               0x4a6d (size before relaxing)
 .debug_str     0x00070e9d      0x18d usr_lib/tc.o
                               0x3b82 (size before relaxing)

.debug_frame    0x00000000      0x1fc
 .debug_frame   0x00000000       0x40 Device_Startup/startup_samd21.o
 .debug_frame   0x00000040       0x60 main.o
 .debug_frame   0x000000a0       0x4c usr_lib/tc.o
 .debug_frame   0x000000ec       0x2c c:/program files (x86)/atmel/studio/7.0/toolchain/arm/arm-gnu-toolchain/bin/../lib/gcc/arm-none-eabi/6.2.1/../../../../arm-none-eabi/lib/thumb/v6-m\libc.a(lib_a-init.o)
 .debug_frame   0x00000118       0x54 c:/program files (x86)/atmel/studio/7.0/toolchain/arm/arm-gnu-toolchain/bin/../lib/gcc/arm-none-eabi/6.2.1/../../../../arm-none-eabi/lib/thumb/v6-m\libc.a(lib_a-__call_atexit.o)
 .debug_frame   0x0000016c       0x28 c:/program files (x86)/atmel/studio/7.0/toolchain/arm/arm-gnu-toolchain/bin/../lib/gcc/arm-none-eabi/6.2.1/../../../../arm-none-eabi/lib/thumb/v6-m\libc.a(lib_a-atexit.o)
 .debug_frame   0x00000194       0x2c c:/program files (x86)/atmel/studio/7.0/toolchain/arm/arm-gnu-toolchain/bin/../lib/gcc/arm-none-eabi/6.2.1/../../../../arm-none-eabi/lib/thumb/v6-m\libc.a(lib_a-fini.o)
 .debug_frame   0x000001c0       0x3c c:/program files (x86)/atmel/studio/7.0/toolchain/arm/arm-gnu-toolchain/bin/../lib/gcc/arm-none-eabi/6.2.1/../../../../arm-none-eabi/lib/thumb/v6-m\libc.a(lib_a-__atexit.o)
